<html>
<body>
<pre>
<h1>µVision Build Log</h1>
<h2>Tool Versions:</h2>
IDE-Version: µVision V5.30.0.0
Copyright (C) 2020 ARM Ltd and ARM Germany GmbH. All rights reserved.
License Information: Triet Tran, RMIT, LIC=----
 
Tool Versions:
Toolchain:       MDK-Lite  Version: 5.30.0.0
Toolchain Path:  C:\Keil_v5\ARM\ARMCLANG\Bin
C Compiler:      ArmClang.exe V6.14
Assembler:       Armasm.exe V6.14
Linker/Locator:  ArmLink.exe V6.14
Library Manager: ArmAr.exe V6.14
Hex Converter:   FromElf.exe V6.14
CPU DLL:         SARMCM3.DLL V5.30.0.0
Dialog DLL:      DARMCM1.DLL V1.19.3.0
Target DLL:      NULink\Nu_Link.dll V3.02
Dialog DLL:      TARMCM1.DLL V1.14.2.0
 
<h2>Project:</h2>
C:\Users\Tran Minh Triet\Desktop\EEET2481\EXERCISE2\Exercise2.uvprojx
Project File Date:  01/08/2025

<h2>Output:</h2>
*** Using Compiler 'V6.14', folder: 'C:\Keil_v5\ARM\ARMCLANG\Bin'
Build target 'Target 1'
main.c(2): warning: In file included from...
C:/Keil_v5/Library/NUC100Series/Include\NUC100Series.h(150): warning: In file included from...
C:/Keil_v5/Library/CMSIS/Include\core_cm0.h(116): warning: In file included from...
C:/Keil_v5/Library/CMSIS/Include\core_cmInstr.h(406): warning: implicit conversion changes signedness: 'uint32_t' (aka 'unsigned int') to 'int32_t' (aka 'int') [-Wsign-conversion]
  return(result);
  ~~~~~~ ^~~~~~
main.c(2): warning: In file included from...
C:/Keil_v5/Library/NUC100Series/Include\NUC100Series.h(150): warning: In file included from...
C:/Keil_v5/Library/CMSIS/Include\core_cm0.h(574): warning: implicit conversion changes signedness: 'int' to 'unsigned int' [-Wsign-conversion]
    SCB->SHP[_SHP_IDX(IRQn)] = (SCB->SHP[_SHP_IDX(IRQn)] & ~(0xFF << _BIT_SHIFT(IRQn))) |
                                                         ~ ^~~~~~~~~~~~~~~~~~~~~~~~~~~
C:/Keil_v5/Library/CMSIS/Include\core_cm0.h(577): warning: implicit conversion changes signedness: 'int' to 'unsigned int' [-Wsign-conversion]
    NVIC->IP[_IP_IDX(IRQn)] = (NVIC->IP[_IP_IDX(IRQn)] & ~(0xFF << _BIT_SHIFT(IRQn))) |
                                                       ~ ^~~~~~~~~~~~~~~~~~~~~~~~~~~
C:/Keil_v5/Library/CMSIS/Include\core_cm0.h(608): warning: function 'NVIC_SystemReset' could be declared with attribute 'noreturn' [-Wmissing-noreturn]
{
^
main.c(2): warning: In file included from...
C:/Keil_v5/Library/NUC100Series/Include\NUC100Series.h(11321): warning: anonymous unions are a C11 extension [-Wc11-extensions]
    union
    ^
C:/Keil_v5/Library/NUC100Series/Include\NUC100Series.h(13605): warning: non-portable path to file '"sys.h"'; specified path differs in case from file name on disk [-Wnonportable-include-path]
#include "SYS.h"
         ^~~~~~~
         "sys.h"
C:/Keil_v5/Library/NUC100Series/Include\NUC100Series.h(13606): warning: non-portable path to file '"adc.h"'; specified path differs in case from file name on disk [-Wnonportable-include-path]
#include "ADC.h"
         ^~~~~~~
         "adc.h"
C:/Keil_v5/Library/NUC100Series/Include\NUC100Series.h(13607): warning: non-portable path to file '"fmc.h"'; specified path differs in case from file name on disk [-Wnonportable-include-path]
#include "FMC.h"
         ^~~~~~~
         "fmc.h"
main.c(2): warning: In file included from...
C:/Keil_v5/Library/NUC100Series/Include\NUC100Series.h(13607): warning: In file included from...
C:/Keil_v5/Library/StdDriver/Include\FMC.h(314): warning: implicit conversion changes signedness: 'int' to 'uint32_t' (aka 'unsigned int') [-Wsign-conversion]
    FMC->ISPADR = (u8index << 2);      /* Set UID Address. It must be word alignment. */
                ~  ~~~~~~~~^~~~
main.c(2): warning: In file included from...
C:/Keil_v5/Library/NUC100Series/Include\NUC100Series.h(13608): warning: non-portable path to file '"gpio.h"'; specified path differs in case from file name on disk [-Wnonportable-include-path]
#include "GPIO.h"
         ^~~~~~~~
         "gpio.h"
C:/Keil_v5/Library/NUC100Series/Include\NUC100Series.h(13609): warning: non-portable path to file '"i2c.h"'; specified path differs in case from file name on disk [-Wnonportable-include-path]
#include "I2C.h"
         ^~~~~~~
         "i2c.h"
C:/Keil_v5/Library/NUC100Series/Include\NUC100Series.h(13610): warning: non-portable path to file '"pwm.h"'; specified path differs in case from file name on disk [-Wnonportable-include-path]
#include "PWM.h"
         ^~~~~~~
         "pwm.h"
C:/Keil_v5/Library/NUC100Series/Include\NUC100Series.h(13611): warning: non-portable path to file '"spi.h"'; specified path differs in case from file name on disk [-Wnonportable-include-path]
#include "SPI.h"
         ^~~~~~~
         "spi.h"
C:/Keil_v5/Library/NUC100Series/Include\NUC100Series.h(13612): warning: non-portable path to file '"crc.h"'; specified path differs in case from file name on disk [-Wnonportable-include-path]
#include "CRC.h"
         ^~~~~~~
         "crc.h"
C:/Keil_v5/Library/NUC100Series/Include\NUC100Series.h(13613): warning: non-portable path to file '"timer.h"'; specified path differs in case from file name on disk [-Wnonportable-include-path]
#include "TIMER.h"
         ^~~~~~~~~
         "timer.h"
C:/Keil_v5/Library/NUC100Series/Include\NUC100Series.h(13614): warning: non-portable path to file '"wdt.h"'; specified path differs in case from file name on disk [-Wnonportable-include-path]
#include "WDT.h"
         ^~~~~~~
         "wdt.h"
C:/Keil_v5/Library/NUC100Series/Include\NUC100Series.h(13615): warning: non-portable path to file '"wwdt.h"'; specified path differs in case from file name on disk [-Wnonportable-include-path]
#include "WWDT.h"
         ^~~~~~~~
         "wwdt.h"
C:/Keil_v5/Library/NUC100Series/Include\NUC100Series.h(13616): warning: non-portable path to file '"rtc.h"'; specified path differs in case from file name on disk [-Wnonportable-include-path]
#include "RTC.h"
         ^~~~~~~
         "rtc.h"
C:/Keil_v5/Library/NUC100Series/Include\NUC100Series.h(13617): warning: non-portable path to file '"uart.h"'; specified path differs in case from file name on disk [-Wnonportable-include-path]
#include "UART.h"
         ^~~~~~~~
         "uart.h"
C:/Keil_v5/Library/NUC100Series/Include\NUC100Series.h(13618): warning: non-portable path to file '"i2s.h"'; specified path differs in case from file name on disk [-Wnonportable-include-path]
#include "I2S.h"
         ^~~~~~~
         "i2s.h"
C:/Keil_v5/Library/NUC100Series/Include\NUC100Series.h(13619): warning: non-portable path to file '"can.h"'; specified path differs in case from file name on disk [-Wnonportable-include-path]
#include "CAN.h"
         ^~~~~~~
         "can.h"
C:/Keil_v5/Library/NUC100Series/Include\NUC100Series.h(13620): warning: non-portable path to file '"usbd.h"'; specified path differs in case from file name on disk [-Wnonportable-include-path]
#include "USBD.h"
         ^~~~~~~~
         "usbd.h"
main.c(2): warning: In file included from...
C:/Keil_v5/Library/NUC100Series/Include\NUC100Series.h(13620): warning: In file included from...
C:/Keil_v5/Library/StdDriver/Include\USBD.h(638): warning: variable 'u32CfgAddr' may be uninitialized when used here [-Wconditional-uninitialized]
    return ((*((__IO uint32_t *)(u32CfgAddr))) & USBD_CFGP_SSTALL);
                                 ^~~~~~~~~~
C:/Keil_v5/Library/StdDriver/Include\USBD.h(622): note: initialize the variable 'u32CfgAddr' to silence this warning
    uint32_t u32CfgAddr;
                       ^
                        = 0
main.c(2): warning: In file included from...
C:/Keil_v5/Library/NUC100Series/Include\NUC100Series.h(13621): warning: non-portable path to file '"pdma.h"'; specified path differs in case from file name on disk [-Wnonportable-include-path]
#include "PDMA.h"
         ^~~~~~~~
         "pdma.h"
C:/Keil_v5/Library/NUC100Series/Include\NUC100Series.h(13622): warning: non-portable path to file '"sc.h"'; specified path differs in case from file name on disk [-Wnonportable-include-path]
#include "SC.h"
         ^~~~~~
         "sc.h"
C:/Keil_v5/Library/NUC100Series/Include\NUC100Series.h(13623): warning: non-portable path to file '"ps2.h"'; specified path differs in case from file name on disk [-Wnonportable-include-path]
#include "PS2.h"
         ^~~~~~~
         "ps2.h"
C:/Keil_v5/Library/NUC100Series/Include\NUC100Series.h(13624): warning: non-portable path to file '"clk.h"'; specified path differs in case from file name on disk [-Wnonportable-include-path]
#include "CLK.h"
         ^~~~~~~
         "clk.h"
C:/Keil_v5/Library/NUC100Series/Include\NUC100Series.h(13625): warning: non-portable path to file '"acmp.h"'; specified path differs in case from file name on disk [-Wnonportable-include-path]
#include "ACMP.h"
         ^~~~~~~~
         "acmp.h"
main.c(57): warning: no previous extern declaration for non-static variable 'currentState' [-Wmissing-variable-declarations]
volatile SystemState currentState = IDLE;
                     ^
main.c(57): note: declare 'static' if the variable is not intended to be used outside of this translation unit
volatile SystemState currentState = IDLE;
         ^
main.c(58): warning: no previous extern declaration for non-static variable 'alarmTime' [-Wmissing-variable-declarations]
volatile int alarmTime = 0;
             ^
main.c(58): note: declare 'static' if the variable is not intended to be used outside of this translation unit
volatile int alarmTime = 0;
         ^
main.c(59): warning: no previous extern declaration for non-static variable 'elapsedTime' [-Wmissing-variable-declarations]
volatile int elapsedTime = 0;
             ^
main.c(59): note: declare 'static' if the variable is not intended to be used outside of this translation unit
volatile int elapsedTime = 0;
         ^
main.c(61): warning: no previous extern declaration for non-static variable 'lapIndex' [-Wmissing-variable-declarations]
volatile int lapIndex = 0;
             ^
main.c(61): note: declare 'static' if the variable is not intended to be used outside of this translation unit
volatile int lapIndex = 0;
         ^
main.c(62): warning: no previous extern declaration for non-static variable 'lapIndexCount' [-Wmissing-variable-declarations]
volatile int lapIndexCount = 0;
             ^
main.c(62): note: declare 'static' if the variable is not intended to be used outside of this translation unit
volatile int lapIndexCount = 0;
         ^
main.c(63): warning: no previous extern declaration for non-static variable 'previousRecordedTime' [-Wmissing-variable-declarations]
volatile int previousRecordedTime = 0;
             ^
main.c(63): note: declare 'static' if the variable is not intended to be used outside of this translation unit
volatile int previousRecordedTime = 0;
         ^
main.c(77): warning: implicit conversion loses integer precision: 'int' to 'uint8_t' (aka 'unsigned char') [-Wimplicit-int-conversion]
        keyPressed = getKeyPressed();
                   ~ ^~~~~~~~~~~~~~~
main.c(185): warning: signed shift result (0xC0000000) sets the sign bit of the shift expression's type ('int') and becomes negative [-Wshift-sign-overflow]
    NVIC->IP[0] &= ~(0x03 << 30);             // Set priority 0
                     ~~~~ ^  ~~
main.c(192): warning: implicit conversion changes signedness: 'int' to 'unsigned int' [-Wsign-conversion]
    GPIO->DBNCECON &= ~(0xFF << 0);             // Clear debounce clock settings
                   ~~ ^~~~~~~~~~~~
main.c(215): warning: implicit conversion changes signedness: 'int' to 'unsigned int' [-Wsign-conversion]
    PC->DOUT &= ~(1 << 7);
             ~~ ^~~~~~~~~
main.c(216): warning: implicit conversion changes signedness: 'int' to 'unsigned int' [-Wsign-conversion]
    PC->DOUT &= ~(1 << 6);
             ~~ ^~~~~~~~~
main.c(217): warning: implicit conversion changes signedness: 'int' to 'unsigned int' [-Wsign-conversion]
    PC->DOUT &= ~(1 << 5);
             ~~ ^~~~~~~~~
main.c(218): warning: implicit conversion changes signedness: 'int' to 'unsigned int' [-Wsign-conversion]
    PC->DOUT &= ~(1 << 4);
             ~~ ^~~~~~~~~
main.c(226): warning: implicit conversion changes signedness: 'int' to 'unsigned int' [-Wsign-conversion]
    CLK->PLLCON &= ~(1 << 19);
                ~~ ^~~~~~~~~~
main.c(227): warning: implicit conversion changes signedness: 'int' to 'unsigned int' [-Wsign-conversion]
    CLK->PLLCON &= ~(1 << 16);
                ~~ ^~~~~~~~~~
main.c(228): warning: implicit conversion changes signedness: 'int' to 'unsigned int' [-Wsign-conversion]
    CLK->PLLCON &= (~(0x01FF << 0));
                ~~  ^~~~~~~~~~~~~~
main.c(230): warning: implicit conversion changes signedness: 'int' to 'unsigned int' [-Wsign-conversion]
    CLK->PLLCON &= ~(1 << 18);
                ~~ ^~~~~~~~~~
main.c(233): warning: implicit conversion changes signedness: 'int' to 'unsigned int' [-Wsign-conversion]
    CLK->CLKSEL0 &= (~(0x07 << 0));
                 ~~  ^~~~~~~~~~~~
main.c(235): warning: implicit conversion changes signedness: 'int' to 'unsigned int' [-Wsign-conversion]
    CLK->CLKDIV &= ~(0x0F << 0);
                ~~ ^~~~~~~~~~~~
main.c(239): warning: implicit conversion changes signedness: 'int' to 'unsigned int' [-Wsign-conversion]
    CLK->CLKSEL1 &= ~(0x07 << 8);
                 ~~ ^~~~~~~~~~~~
main.c(243): warning: implicit conversion changes signedness: 'int' to 'unsigned int' [-Wsign-conversion]
    TIMER0->TCSR &= ~(0xFF << 0);
                 ~~ ^~~~~~~~~~~~
main.c(245): warning: implicit conversion changes signedness: 'int' to 'unsigned int' [-Wsign-conversion]
    TIMER0->TCSR &= ~(0x03 << 27);
                 ~~ ^~~~~~~~~~~~~
main.c(247): warning: implicit conversion changes signedness: 'int' to 'unsigned int' [-Wsign-conversion]
    TIMER0->TCSR &= ~(1 << 24);
                 ~~ ^~~~~~~~~~
main.c(251): warning: implicit conversion changes signedness: 'int' to 'unsigned int' [-Wsign-conversion]
    NVIC->IP[0] &= ~(0x03 << 6);
                ~~ ^~~~~~~~~~~~
main.c(309): warning: implicit conversion changes signedness: 'int' to 'unsigned int' [-Wsign-conversion]
    TIMER0->TCSR &= ~(1 << 30); // Timer0 stops counting
                 ~~ ^~~~~~~~~~
main.c(354): warning: binary integer literals are a GNU extension [-Wgnu-binary-literal]
        0b10000010, // 0
        ^
main.c(355): warning: binary integer literals are a GNU extension [-Wgnu-binary-literal]
        0b11101110, // 1
        ^
main.c(356): warning: binary integer literals are a GNU extension [-Wgnu-binary-literal]
        0b00000111, // 2
        ^
main.c(357): warning: binary integer literals are a GNU extension [-Wgnu-binary-literal]
        0b01000110, // 3
        ^
main.c(358): warning: binary integer literals are a GNU extension [-Wgnu-binary-literal]
        0b01101010, // 4
        ^
main.c(359): warning: binary integer literals are a GNU extension [-Wgnu-binary-literal]
        0b01010010, // 5
        ^
main.c(360): warning: binary integer literals are a GNU extension [-Wgnu-binary-literal]
        0b00010010, // 6
        ^
main.c(361): warning: binary integer literals are a GNU extension [-Wgnu-binary-literal]
        0b11100110, // 7
        ^
main.c(362): warning: binary integer literals are a GNU extension [-Wgnu-binary-literal]
        0b00000010, // 8
        ^
main.c(363): warning: binary integer literals are a GNU extension [-Wgnu-binary-literal]
        0b01000010, // 9
        ^
main.c(365): warning: implicit conversion loses integer precision: 'int' to 'uint8_t' (aka 'unsigned char') [-Wimplicit-int-conversion]
    return numberInBinaryPattern[number];
    ~~~~~~ ^~~~~~~~~~~~~~~~~~~~~~~~~~~~~
main.c(425): warning: no newline at end of file [-Wnewline-eof]
}
 ^
main.c(60): warning: no previous extern declaration for non-static variable 'recordedTimeList' [-Wmissing-variable-declarations]
volatile int recordedTimeList[5];
             ^
main.c(60): note: declare 'static' if the variable is not intended to be used outside of this translation unit
volatile int recordedTimeList[5];
         ^
66 warnings generated.
compiling main.c...
linking...
Program Size: Code=2612 RO-data=264 RW-data=44 ZI-data=1168  
".\Objects\Exercise2.axf" - 0 Error(s), 66 Warning(s).

<h2>Software Packages used:</h2>

Package Vendor: Nuvoton
                https://github.com/OpenNuvoton/cmsis-packs/raw/master/Nuvoton_DFP/Nuvoton.NuMicro_DFP.1.3.16.pack
                Nuvoton.NuMicro_DFP.1.3.16
                Nuvoton ARM Cortex-M NuMicro Family Device Support

<h2>Collection of Component include folders:</h2>
  .\RTE\_Target_1
  C:\Keil_v5\Packs\Nuvoton\NuMicro_DFP\1.3.16\Device\NUC100\Include

<h2>Collection of Component Files used:</h2>
Build Time Elapsed:  00:00:01
</pre>
</body>
</html>
